

Git Bash

1. Make Directory:                      mkdir Uthra

2. Make File:                           touch test1.txt

3. open File:                           start test1.txt
 
4. Open file in VS code:                code test1.txt

5. Remove File:                         rm test1.txt

6. Remove All File in directory:        rm *

7. Open full Location of directory:     pwd

8. Remove directory:  go to root folder( cd ~ )    rm -r (directory name)

USER@DESKTOP-RD25K53 MINGW64 /d/Udemy-Courses
$ mkdir story-git

USER@DESKTOP-RD25K53 MINGW64 /d/Udemy-Courses
$ cd story-git

USER@DESKTOP-RD25K53 MINGW64 /d/Udemy-Courses/story-git
$ code chapter1.txt             ---> create file

USER@DESKTOP-RD25K53 MINGW64 /d/Udemy-Courses/story-git
$ git init
Initialized empty Git repository in D:/Udemy-Courses/story-git/.git/

USER@DESKTOP-RD25K53 MINGW64 /d/Udemy-Courses/story-git (master)
$ ls -a                         ------> show all hide file
./  ../  .git/  chapter1.txt

        2. STAGING AREA

USER@DESKTOP-RD25K53 MINGW64 /d/Udemy-Courses/story-git (master)
$ git status
On branch master

No commits yet  

Untracked files:
  (use "git add <file>..." to include in what will be committed)
        chapter1.txt

nothing added to commit but untracked files present (use "git add" to track)

USER@DESKTOP-RD25K53 MINGW64 /d/Udemy-Courses/story-git (master)
$ git add chapter1.txt

USER@DESKTOP-RD25K53 MINGW64 /d/Udemy-Courses/story-git (master)
$ git status
On branch master

No commits yet

Changes to be committed:
  (use "git rm --cached <file>..." to unstage)
        new file:   chapter1.txt

                3. Create New User Author

USER@DESKTOP-RD25K53 MINGW64 /d/Udemy-Courses/story-git (master)
$ git config --global user.email "uthra.156@gmail.com"
                        or
$ git config user.email "uthra.156@gmail.com"
 
USER@DESKTOP-RD25K53 MINGW64 /d/Udemy-Courses/story-git (master)
$ git config --global user.name "Uthra Ganesh"
                    or
$ git config user.name "Uthra Ganesh"

                4. Commit


USER@DESKTOP-RD25K53 MINGW64 /d/Udemy-Courses/story-git (master)
$ git commit -m "This is first Commit for CH-1"
[master (root-commit) bf3ef13] This is first Commit for CH-1
 1 file changed, 16 insertions(+)
 create mode 100644 chapter1.txt

USER@DESKTOP-RD25K53 MINGW64 /d/Udemy-Courses/story-git (master)
$ git log
commit bf3ef1350a92cf27947211a8c9138529dd11bee2 (HEAD -> master)
Author: G.Uthra <uthra.156@gmail.com>
Date:   Thu Jan 4 12:28:14 2024 +0530 
 This is first Commit for CH-1

                5. Second commit EX

USER@DESKTOP-RD25K53 MINGW64 /d/Udemy-Courses/story-git (master)
$ touch chapter2.txt              

SER@DESKTOP-RD25K53 MINGW64 /d/Udemy-Courses/story-git (master)
$ git add .

USER@DESKTOP-RD25K53 MINGW64 /d/Udemy-Courses/story-git (master)
$ git status
On branch master
Changes to be committed:
  (use "git restore --staged <file>..." to unstage)
        new file:   All-Learn-git.txt
        new file:   Testgit/index1.js
        new file:   Testgit/package.json
        new file:   Testgit/public/index.html
        modified:   chapter1.txt
        new file:   chapter2.txt

                6. Add and remove previous changes before Commit

USER@DESKTOP-RD25K53 MINGW64 /d/Udemy-Courses/story-git (master)
$ git diff chapter2.txt
diff --git a/chapter2.txt b/chapter2.txt
index 5ab2f8a..fa74604 100644
--- a/chapter2.txt
+++ b/chapter2.txt
@@ -1 +1,2 @@
-Hello
\ No newline at end of file
+Hello^M
+Choose
\ No newline at end of file


USER@DESKTOP-RD25K53 MINGW64 /d/Udemy-Courses/story-git (master)
$ git checkout chapter2.txt
Updated 1 path from the index